Global .Rprofile loaded! (R version 4.3.2 (2023-10-31))
Loading required package: GDPuc
Loading required package: madrat
Loading required package: magclass
Loading required package: mrcommons
Loading required package: mrdrivers
Loading required package: mrfaocore
Loading required package: mstools
Loading required package: mrlandcore
Loading required package: mrfactors

Run calcOutput(type = "AvlCropland", file = "output_quartdeg_batch.mz", resolution = 0.25)
~ Run calcOutput(type = "LUH2v2", aggregate = FALSE, years = "y1995", landuse_types = "magpie", cellular = TRUE, cells = "lpjcell", irrigation = FALSE, resolution = 0.25)
~~  - loading cache calcLUH2v2-F6cada57f-47a338f1.rds
~ Exit calcOutput(type = "LUH2v2", aggregate = FALSE, years = "y1995", landuse_types = "magpie", cellular = TRUE, cells = "lpjcell", irrigation = FALSE, resolution = 0.25) in 2.61 seconds
~ Run readSource(type = "Zabel2014", subtype = "all_marginal:rainfed_and_irrigated", convert = "onlycorrect")
~~  - done writing cache readZabel2014-Fa1217f73.rds
~~ NOTE: 45.2235983387719 % of data points with is.na(x) set to 0 .
~~  - done writing cache correctZabel2014-Fa1217f73.rds
~ Exit readSource(type = "Zabel2014", subtype = "all_marginal:rainfed_and_irrigated", convert = "onlycorrect") in 5177.07 seconds
~ Run readSource(type = "Zabel2014", subtype = "q33_marginal:rainfed_and_irrigated", convert = "onlycorrect")
~~  - done writing cache readZabel2014-Fa1217f73-fab16dbc.rds
~~ NOTE: 50.2506674577277 % of data points with is.na(x) set to 0 .
~~  - done writing cache correctZabel2014-Fa1217f73-fab16dbc.rds
~ Exit readSource(type = "Zabel2014", subtype = "q33_marginal:rainfed_and_irrigated", convert = "onlycorrect") in 4970.02 seconds
~ Run readSource(type = "Zabel2014", subtype = "no_marginal:rainfed_and_irrigated", convert = "onlycorrect")
~~  - done writing cache readZabel2014-Fa1217f73-8ae7b241.rds
~~ NOTE: 59.6911153960249 % of data points with is.na(x) set to 0 .
~~  - done writing cache correctZabel2014-Fa1217f73-8ae7b241.rds
~ Exit readSource(type = "Zabel2014", subtype = "no_marginal:rainfed_and_irrigated", convert = "onlycorrect") in 5072.24 seconds
~  - done writing cache calcAvlCropland-F825575b3.rds
Error in .getMapping(aggregate, type, x$x) : 
  Cannot aggregate to regions as mapping is missing!
Calls: calcOutput -> .getMapping
Exit calcOutput(type = "AvlCropland", file = "output_quartdeg_batch.mz", resolution = 0.25) in 15231.65 seconds
Execution halted
